// Jest Snapshot v1, https://goo.gl/fbAQLP

exports[`Videos 1 item renders 1`] = `
<div>
  <h3>
    Videos
  </h3>
  <h1>
    Udemy
  </h1>
</div>
`;

exports[`Videos empty renders  1`] = `
<h2>
  Soryy, no videos found
</h2>
`;
